// Jest Snapshot v1, https://goo.gl/fbAQLP

exports[`logs preprocesses successfully 1`] = `
{
  "fields": [
    {
      "config": {},
      "labels": undefined,
      "name": "time",
      "type": "time",
      "values": [
        1691409972788,
        1691409971908,
      ],
    },
    {
      "config": {},
      "labels": undefined,
      "name": "content",
      "type": "string",
      "values": [
        "one",
        "two",
      ],
    },
    {
      "config": {},
      "labels": undefined,
      "name": "level",
      "type": "string",
      "values": [
        "error",
        "info",
      ],
    },
    {
      "config": {},
      "labels": undefined,
      "name": "severity",
      "type": "string",
      "values": [
        "ErrorSeverity",
        "InfoSeverity",
      ],
    },
    {
      "config": {},
      "labels": undefined,
      "name": "tags",
      "type": "other",
      "values": [
        "{"http.status_code":200,"large_batch":true,"trace_id":"d29a3fa8fb446ec65eb691a3259a541e"}",
        "{"customer":"hipcore","large_batch":false,"trace_id":"d0fa420269652931236c94bc54d2233e"}",
      ],
    },
    {
      "config": {},
      "labels": undefined,
      "name": "k8s_environment",
      "type": "string",
      "values": [
        undefined,
        "production",
      ],
    },
    {
      "config": {},
      "labels": undefined,
      "name": "k8s_namespace",
      "type": "string",
      "values": [
        undefined,
        "default",
      ],
    },
    {
      "config": {},
      "labels": undefined,
      "name": "k8s_pod",
      "type": "string",
      "values": [
        undefined,
        "hipcore-pod",
      ],
    },
  ],
  "meta": {
    "preferredVisualisationType": "logs",
  },
  "name": undefined,
  "refId": "a",
}
`;

exports[`preprocesses Timeseries successfully should set displayNameDS with legend formatter 1`] = `
{
  "fields": [
    {
      "config": {},
      "labels": undefined,
      "name": "Time",
      "type": "time",
      "values": [
        0,
        1,
        2,
      ],
    },
    {
      "config": {
        "displayNameFromDS": "/get",
        "links": [
          {
            "targetBlank": true,
            "title": "Create a Notebook in Lightstep",
            "url": "https://notebooks",
          },
        ],
      },
      "labels": {
        "operation": "/get",
      },
      "name": "Value",
      "type": "number",
      "values": [
        1,
        7,
        1,
      ],
    },
    {
      "config": {
        "displayNameFromDS": "/load",
        "links": [
          {
            "targetBlank": true,
            "title": "Create a Notebook in Lightstep",
            "url": "https://notebooks",
          },
        ],
      },
      "labels": {
        "operation": "/load",
      },
      "name": "Value",
      "type": "number",
      "values": [
        6,
        5,
        9,
      ],
    },
  ],
  "meta": undefined,
  "name": undefined,
  "refId": undefined,
}
`;
