// Jest Snapshot v1, https://goo.gl/fbAQLP

exports[`preprocesses logs successfully 1`] = `
Object {
  "fields": Array [
    Object {
      "config": Object {},
      "labels": undefined,
      "name": "time",
      "type": "time",
      "values": Array [
        1691409972788,
        1691409971908,
      ],
    },
    Object {
      "config": Object {},
      "labels": undefined,
      "name": "content",
      "type": "string",
      "values": Array [
        "one",
        "two",
      ],
    },
    Object {
      "config": Object {},
      "labels": undefined,
      "name": "level",
      "type": "string",
      "values": Array [
        "error",
        "info",
      ],
    },
    Object {
      "config": Object {},
      "labels": undefined,
      "name": "severity",
      "type": "string",
      "values": Array [
        "ErrorSeverity",
        "InfoSeverity",
      ],
    },
    Object {
      "config": Object {},
      "labels": undefined,
      "name": "tags",
      "type": "other",
      "values": Array [
        "{\\"http.status_code\\":200,\\"large_batch\\":true,\\"trace_id\\":\\"d29a3fa8fb446ec65eb691a3259a541e\\"}",
        "{\\"customer\\":\\"hipcore\\",\\"large_batch\\":false,\\"trace_id\\":\\"d0fa420269652931236c94bc54d2233e\\"}",
      ],
    },
    Object {
      "config": Object {},
      "labels": undefined,
      "name": "k8s_environment",
      "type": "string",
      "values": Array [
        undefined,
        "production",
      ],
    },
    Object {
      "config": Object {},
      "labels": undefined,
      "name": "k8s_namespace",
      "type": "string",
      "values": Array [
        undefined,
        "default",
      ],
    },
    Object {
      "config": Object {},
      "labels": undefined,
      "name": "k8s_pod",
      "type": "string",
      "values": Array [
        undefined,
        "hipcore-pod",
      ],
    },
  ],
  "meta": Object {
    "preferredVisualisationType": "logs",
  },
  "name": undefined,
  "refId": "a",
}
`;
